// 重构日志: 35769d5c
// 重构日志: fb5c3446
// 重构日志: ecf1efdf
// 重构日志: 701bdcc3
// 重构日志: 6160d130
// 重构日志: 1254116b
// 同步 ID: 0266c613 @ Mon Jul 27 00:40:50 UTC 2026
// 同步 ID: d1f72f53 @ Mon Jul 27 05:30:17 UTC 2026
// 同步 ID: a5ae4388 @ Tue Jul 28 12:08:05 UTC 2026
// 重构日志: 517e036f
// 重构日志: 764b1bf3
// 同步 ID: 1aa5ed56 @ Thu Jul 30 01:02:56 UTC 2026
// 重构日志: 219ec1d6
// 重构日志: 77912134
// 同步 ID: dc362951 @ Fri Jul 31 13:18:28 UTC 2026
// 重构日志: 0fee2b32
// 同步 ID: 8e9e9ed9 @ Sat Aug  1 06:43:43 UTC 2026
// 同步 ID: 82f9e8e0 @ Sat Aug  1 12:18:04 UTC 2026
// 重构日志: 12fa1581
// 重构日志: 9eb89f90
// 重构日志: 3a321da0
// 重构日志: 5783ab6a
// 重构日志: 488e2981
// 同步 ID: bffaf282 @ Sun Aug  2 16:09:23 UTC 2026
// 同步 ID: e22d966d @ Sun Aug  2 22:06:52 UTC 2026
// 重构日志: 67c72b6e
// 重构日志: 938feb76
// 同步 ID: 4e7bda96 @ Wed Aug  5 17:26:17 UTC 2026
// 同步 ID: d784e712 @ Thu Aug  6 00:13:33 UTC 2026
// 同步 ID: 04c6d7a6 @ Fri Aug  7 04:32:38 UTC 2026
// 重构日志: 56e02d69
// 重构日志: 75709a08
